%!Adobe-FontList 1.22
%Locale:0x409

%BeginFont
Handler:DirectoryHandler
FontType:Invalid
OutlineFileName:/Users/campbell.butler/Lovework Studio Dropbox/03 Projects/Labrys/Brandbook/Labrys_x_Lovework_BrandBook Folder/Document fonts/AdobeFnt22.lst
FileLength:4514
FileModTime:651366980
%EndFont

%BeginFont
Handler:DirectoryHandler
FontType:Type1
FontName:GTAmerica-ExpandedBlack
FamilyName:GT America
StyleName:Expanded Black
MenuName:GT America Expanded Black
StyleBits:0
WeightClass:900
WidthClass:9
AngleClass:0
FullName:GT America Expanded Black
WritingScript:Roman
OutlineFileName:/Users/campbell.butler/Lovework Studio Dropbox/03 Projects/Labrys/Brandbook/Labrys_x_Lovework_BrandBook Folder/Document fonts/GT-America-Expanded-Black.otf
DataFormat:sfntData
UsesStandardEncoding:yes
isCFF:yes
hasSVG:no
VariableFontType:NonVariableFont
FileLength:91428
FileModTime:506475864
NameArray:0,Mac,4,GT America Expanded Black
NameArray:0,Win,1,GT America Expanded Black
NameArray:0,Win,16,GT America
%EndFont

%BeginFont
Handler:DirectoryHandler
FontType:Type1
FontName:GTAmerica-ExpandedBold
FamilyName:GT America
StyleName:Expanded Bold
MenuName:GT America Expanded Bold
StyleBits:0
WeightClass:700
WidthClass:9
AngleClass:0
FullName:GT America Expanded Bold
WritingScript:Roman
OutlineFileName:/Users/campbell.butler/Lovework Studio Dropbox/03 Projects/Labrys/Brandbook/Labrys_x_Lovework_BrandBook Folder/Document fonts/GT-America-Expanded-Bold.otf
DataFormat:sfntData
UsesStandardEncoding:yes
isCFF:yes
hasSVG:no
VariableFontType:NonVariableFont
FileLength:91720
FileModTime:506475864
NameArray:0,Mac,4,GT America Expanded Bold
NameArray:0,Win,1,GT America Expanded Bold
NameArray:0,Win,16,GT America
%EndFont

%BeginFont
Handler:DirectoryHandler
FontType:Type1
FontName:GTAmerica-ExtendedBold
FamilyName:GT America
StyleName:Extended Bold
MenuName:GT America Extended Bold
StyleBits:0
WeightClass:700
WidthClass:7
AngleClass:0
FullName:GT America Extended Bold
WritingScript:Roman
OutlineFileName:/Users/campbell.butler/Lovework Studio Dropbox/03 Projects/Labrys/Brandbook/Labrys_x_Lovework_BrandBook Folder/Document fonts/GT-America-Extended-Bold.otf
DataFormat:sfntData
UsesStandardEncoding:yes
isCFF:yes
hasSVG:no
VariableFontType:NonVariableFont
FileLength:91404
FileModTime:506475855
NameArray:0,Mac,4,GT America Extended Bold
NameArray:0,Win,1,GT America Extended Bold
NameArray:0,Win,16,GT America
%EndFont

%BeginFont
Handler:DirectoryHandler
FontType:Type1
FontName:GTAmerica-ExtendedMedium
FamilyName:GT America
StyleName:Extended Medium
MenuName:GT America Extended Medium
StyleBits:0
WeightClass:500
WidthClass:7
AngleClass:0
FullName:GT America Extended Medium
WritingScript:Roman
OutlineFileName:/Users/campbell.butler/Lovework Studio Dropbox/03 Projects/Labrys/Brandbook/Labrys_x_Lovework_BrandBook Folder/Document fonts/GT-America-Extended-Medium.otf
DataFormat:sfntData
UsesStandardEncoding:yes
isCFF:yes
hasSVG:no
VariableFontType:NonVariableFont
FileLength:90824
FileModTime:506475855
NameArray:0,Mac,4,GT America Extended Medium
NameArray:0,Win,1,GT America Extended Medium
NameArray:0,Win,16,GT America
%EndFont

%BeginFont
Handler:DirectoryHandler
FontType:Type1
FontName:GTAmerica-ExtendedRegular
FamilyName:GT America
StyleName:Extended Regular
MenuName:GT America Extended
StyleBits:0
WeightClass:400
WidthClass:7
AngleClass:0
FullName:GT America Extended Regular
WritingScript:Roman
OutlineFileName:/Users/campbell.butler/Lovework Studio Dropbox/03 Projects/Labrys/Brandbook/Labrys_x_Lovework_BrandBook Folder/Document fonts/GT-America-Extended-Regular.otf
DataFormat:sfntData
UsesStandardEncoding:yes
isCFF:yes
hasSVG:no
VariableFontType:NonVariableFont
FileLength:88412
FileModTime:506475854
NameArray:0,Mac,4,GT America Extended Regular
NameArray:0,Win,1,GT America Extended
NameArray:0,Win,16,GT America
%EndFont

%BeginFont
Handler:DirectoryHandler
FontType:Type1
FontName:GTAmericaMono-Medium
FamilyName:GT America Mono
StyleName:Medium
MenuName:GT America Mono Medium
StyleBits:0
WeightClass:500
WidthClass:5
AngleClass:0
FullName:GT America Mono Medium
WritingScript:Roman
OutlineFileName:/Users/campbell.butler/Lovework Studio Dropbox/03 Projects/Labrys/Brandbook/Labrys_x_Lovework_BrandBook Folder/Document fonts/GT-America-Mono-Medium.otf
DataFormat:sfntData
UsesStandardEncoding:yes
isCFF:yes
hasSVG:no
VariableFontType:NonVariableFont
FileLength:56840
FileModTime:498486777
NameArray:0,Mac,4,GT America Mono Medium
NameArray:0,Win,1,GT America Mono Medium
NameArray:0,Win,16,GT America Mono
%EndFont

